
Welcome to MineCraft MazeRunner!
--------------------------------

------------- MAIN MENU -------------
1) Generate Maze
2) Build Maze in MineCraft
3) Solve Maze
4) Show Team Information
5) Exit

Enter Menu item to continue: 

------------- GENERATE MAZE -------------
1) Read Maze from terminal
2) Generate Random Maze
3) Read Maze to be validated from terminal
4) Generate Maze Without Flattening the Terrain
5) Back

Enter Menu item to continue: 
Enter the length and width of maze: 
Maze generated successfully
**Printing Maze**
BasePoint: (4848, 71, 4369)
Structure:
xxxxxxxxxxx
..........x
xxxxxxxxx.x
x...x...x.x
x.x.x.x.x.x
x.x.x.x.x.x
x.x.x.x.x.x
x.x...x...x
xxxxxxxxxxx
**End Printing Maze**

------------- MAIN MENU -------------
1) Generate Maze
2) Build Maze in MineCraft
3) Solve Maze
4) Show Team Information
5) Exit

Enter Menu item to continue: 
Maze built successfully

------------- MAIN MENU -------------
1) Generate Maze
2) Build Maze in MineCraft
3) Solve Maze
4) Show Team Information
5) Exit

Enter Menu item to continue: 

The End!
