
Welcome to MineCraft MazeRunner!
--------------------------------

------------- MAIN MENU -------------
1) Generate Maze
2) Build Maze in MineCraft
3) Solve Maze
4) Show Team Information
5) Exit

Enter Menu item to continue: 

------------- GENERATE MAZE -------------
1) Read Maze from terminal
2) Generate Random Maze
3) Read Maze to be validated from terminal
4) Generate Maze Without Flattening the Terrain
5) Back

Enter Menu item to continue: 
Enter the length and width of maze: 
Enter the maze structure:
Invalid Maze: Please use only 'x' and '.' characters ....
Enter the maze structure:
Maze read successfully
**Printing Maze**
BasePoint: (4848, 71, 4369)
Structure
xxxxx
x.x.x
..x.x
x...x
xxx.x
x...x
xxxxx
**End Printing Maze**

------------- MAIN MENU -------------
1) Generate Maze
2) Build Maze in MineCraft
3) Solve Maze
4) Show Team Information
5) Exit

Enter Menu item to continue: 

The End!
