
Welcome to MineCraft MazeRunner!
--------------------------------

------------- MAIN MENU -------------
1) Generate Maze
2) Build Maze in MineCraft
3) Solve Maze
4) Show Team Information
5) Exit

Enter Menu item to continue: 

Team members:
	 [1] Ahmed Falulur Rahuman (s4043677@student.rmit.edu.au)
	 [2] Imas Imthiyas (s4036988@student.rmit.edu.au)
	 [3] Krittapart Veerachaipakdee (s4069451@student.rmit.edu.au)


------------- MAIN MENU -------------
1) Generate Maze
2) Build Maze in MineCraft
3) Solve Maze
4) Show Team Information
5) Exit

Enter Menu item to continue: 

The End!
